Sampling engine: alpha=0.01, beta=0.01, delta=0.01, seed=0
Variables: 7
Events:    20

Model checking P<0.96[ true U<=10 s = 1 & a = 0 ] ...
Acceptance sampling......655 observations.
Property is false in the initial state.
