Sampling engine: alpha=0.01, beta=0.01, delta=0.01, seed=0
Variables: 7
Events:    20

Model checking P>0[ true U<=10 s = 1 & a = 0 ] ...
Sequential estimation.........:.........:2016 observations.
Pr[true U<=10 s = 1 & a = 0] = 0.969246 (0.959246,0.979246)
Property is true in the initial state.
