Hybrid engine: epsilon=1e-06
Building model...18 variables.
Computing reachable states 14 iterations.
States:      216
Transitions: 921
Rate matrix: 267 nodes 5 leaves 921 minterms
ODD:         37 nodes

Model checking P>0[ P>=0.5[ true U<=9 c = 1 ] U<=10 x1 = n & y1 = n ] ...
Building hybrid MTBDD matrix...309 nodes.
Adding sparse bits...9 levels, 1 bits.
Uniformization: 3.1*10 = 31
Fox-Glynn: left = 2, right = 174
Computing probabilities. 174 iterations.
Pr[P>=0.5[ true U<=9 c = 1 ] U<=10 x1 = n & y1 = n] = 0.7952987298
Property is true in the initial state.
