Mixed engine: alpha=0.01, beta=0.01, delta=0.05, epsilon=1e-06, seed=0
Building model...18 variables.
Computing reachable states 14 iterations.
Variables: 5
Events:    28
States:      216
Transitions: 921
Rate matrix: 267 nodes 5 leaves 921 minterms
ODD:         37 nodes

Model checking P>=0.86[ P>=0.5[ true U<=9 c = 1 ] U<=10 x1 = 4 & y1 = 4 ] ...
Sequential estimation....461 observations.
Pr[P>=0.5[ true U<=9 c = 1 ] U<=10 x1 = 4 & y1 = 4] = 0.78308 (0.73308,0.83308)
Property is false in the initial state.
