Sampling engine: alpha=0.01, beta=0.01, delta=0.01, seed=0
Variables: 2
Events:    3

Model checking !P>=0.22 [ true U[0,227] sc=7 & sm=7 ] ...
Acceptance sampling.......707 samples.
Property is true in the initial state.
