Sampling engine: alpha=0.01, beta=0.01, delta=0.01, seed=0
Variables: 3
Events:    5

Model checking !P>=0.08 [ true U[0,26] sc=7 & sm=7 ] ...
Acceptance sampling....491 observations.
Property is false in the initial state.
