Sampling engine: alpha=0.01, beta=0.01, delta=0.01, seed=0
Variables: 3
Events:    5

Model checking P<0.12[ F<=26 sc = c & sm = c ] ...
Acceptance sampling.........:...1338 observations.
Property is true in the initial state.
