Sampling engine: alpha=0.01, beta=0.01, delta=0.05, seed=0
Variables: 16
Events:    56

Model checking P<0.59[ !(s = 2 & a = 1) U s = 1 & a = 1 ] ...
Acceptance sampling......670 observations.
Property is true in the initial state.
