Sampling engine: alpha=0.01, beta=0.01, delta=0.05, seed=0
Variables: 1
Events:    3

Model checking P=?[ F<=1 n = N ] ...
Acceptance sampling....491 observations.
Pr[F<=1 n = N] = 0.761711 (0.711711,0.811711)
