Sampling engine: alpha=0.01, beta=0.01, delta=0.05, p_term=1e-06, seed=0
Variables: 4
Events:    4

Model checking P=?[ F[0.001,0.001] na = 6 ] ...
Acceptance sampling.....554 observations.
Pr[F[0.001,0.001] na = 6] = 0.288809 (0.238809,0.338809)
