Sampling engine: alpha=0.01, beta=0.01, delta=0.1, p_term=1e-05, seed=0
Variables: 8
Events:    16

Model checking P=?[ F s = 4 & z / N < 0.1 ] ...
Acceptance sampling.175 observations.
Pr[F s = 4 & z / N < 0.1] = 0.481351 (0.381351,0.581351)
