Mixed engine: alpha=0.01, beta=0.01, delta=0.1, epsilon=1e-06, seed=0
Building model...48 variables.
Computing reachable states.. 282 iterations.
Variables: 8
Events:    16
States:      21252
Transitions: 31927
Rate matrix: 4081 nodes 45 leaves 31927 minterms
ODD:         916 nodes

Model checking P=?[ F s = 4 & z / N < 0.1 ] ...
Acceptance sampling.174 observations.
Pr[F s = 4 & z / N < 0.1] = 0.494253 (0.394253,0.594253)
