Sampling engine: alpha=0.01, beta=0.01, delta=0.005, p_term=1e-06, seed=0
Variables: 7
Events:    20

Model checking P<0.96[ F<=10 s = 1 & a = 0 ] ...
Acceptance sampling.........:.........:.........:.........:.........:.........:.........:.........:.8172 observations.
Property is false in the initial state.
