Sampling engine: alpha=0.01, beta=0.01, delta=0.01, p_term=1e-06, seed=0
Variables: 7
Events:    20

Model checking P=?[ F<=10 s = 1 & a = 0 ] ...
Acceptance sampling.........:.........:....2414 observations.
Pr[F<=10 s = 1 & a = 0] = 0.962717 (0.952717,0.972717)
