Sampling engine: alpha=0.01, beta=0.01, delta=0.05, p_term=1e-06, seed=0
Variables: 16
Events:    56

Model checking P=?[ !(s = 2 & a = 1) U s = 1 & a = 1 ] ...
Acceptance sampling......670 observations.
Pr[!(s = 2 & a = 1) U s = 1 & a = 1] = 0.531658 (0.481658,0.581658)
