Sampling engine: alpha=0.01, beta=0.01, delta=0.05, p_term=1e-06, seed=0
Variables: 5
Events:    28

Model checking P>=0.86[ P>=0.5[ F<=9 c = 1 ] U<=10 x1 = n & y1 = n ] ...
Acceptance sampling......681 observations.
Property is false in the initial state.
