Sampling engine: alpha=0.01, beta=0.01, delta=0.01, p_term=1e-06, seed=0
Variables: 2
Events:    3

Model checking P<0.18[ F<=227 sc = c & sm = c ] ...
Acceptance sampling.........:...1343 observations.
Property is false in the initial state.
