Sampling engine: alpha=0.01, beta=0.01, delta=0.05, p_term=1e-06, seed=0
Variables: 3
Events:    5

Model checking P=?[ F<=26 sc = c & sm = c ] ...
Acceptance sampling..257 observations.
Pr[F<=26 sc = c & sm = c] = 0.101167 (0.0511673,0.151167)
