Sampling engine: alpha=0.01, beta=0.01, delta=0.05, seed=0
Variables: 1
Events:    3

Model checking P>0[ true U<=1 n = N ] ...
Sequential estimation....491 observations.
Pr[true U<=1 n = N] = 0.761711 (0.711711,0.811711)
Property is true in the initial state.
