Sampling engine: alpha=0.01, beta=0.01, delta=0.005, seed=0
Variables: 7
Events:    20

Model checking P<0.98[ true U<=10 s = 1 & a = 0 ] ...
Acceptance sampling.........:.........:.2181 observations.
Property is true in the initial state.
