Sampling engine: alpha=0.01, beta=0.01, delta=0.05, seed=0
Variables: 5
Events:    28

Model checking P>=0.74[ P>=0.5[ true U<=9 c = 1 ] U<=10 x1 = n & y1 = n ] ...
Acceptance sampling....444 observations.
Property is true in the initial state.
