Sampling engine: alpha=0.01, beta=0.01, delta=0.05, seed=0
Variables: 2
Events:    3

Model checking P=?[ F<=227 sc = c & sm = c ] ...
Acceptance sampling....455 observations.
Pr[F<=227 sc = c & sm = c] = 0.213187 (0.163187,0.263187)
