Sampling engine: alpha=0.01, beta=0.01, delta=0.01, seed=0
Variables: 7
Events:    20

Model checking P>0[ true U<=10 s = 1 & a = 0 ] ...
Sequential estimation.........:.........:2000 observations.
Pr[true U<=10 s = 1 & a = 0] = 0.9695 (0.9595,0.9795)
Property is true in the initial state.
