Sampling engine: alpha=0.01, beta=0.01, delta=0.01, seed=0
Variables: 3
Events:    5

Model checking P<0.12[ true U<=26 sc = 7 & sm = 7 ] ...
Acceptance sampling.........:....1413 observations.
Property is true in the initial state.
